#f #f #t
#t #f #f
#t #f #t #f #t #f #f
#t #t #t #t #t
#t #f #f
#t #t #t #f #f
#f #t #t
