#(1 2 3 (+ 1 2))
#(1 2 3 3)
8
1 2 8
99
#() #(1 2 3 4)
#(7 7 7 7)
#() #(1 2 3)
