4
#<compiled closure>
11
5
(1 2 (3 4 5)) (1 2 ())
a11
13
9 10 11
2 1 3 1 1
10
10 4
6
10 10
(1 2 3) (1 3 3) (1 ((2)) 3) 3 (1 2 3 4 5 6) (1 (quasiquote (2 (unquote 3))) 4)
