
8

10
a#<unspecified> 5 6
#<unspecified> #<unspecified> 4 6
#t 2 #f #f
#f 1 1 2
#<unspecified> 7
#<unspecified> 7
